M  .workflow/README.md
A  .workflow/adr/adr-003-constructor-owned-fields.md
A  .workflow/adr/adr-004-cache-store-separation.md
A  .workflow/current/pln-032-constructor-owned-fields/acceptance.md
A  .workflow/current/pln-032-constructor-owned-fields/array-comparison.md
A  .workflow/current/pln-032-constructor-owned-fields/artifacts/README.md
A  .workflow/current/pln-032-constructor-owned-fields/artifacts/legacy-typing-probe.php
A  .workflow/current/pln-032-constructor-owned-fields/contracts.md
A  .workflow/current/pln-032-constructor-owned-fields/pln-032-readme.md
A  .workflow/current/pln-032-constructor-owned-fields/questions.md
A  .workflow/current/pln-033-cache-config-copy/acceptance.md
A  .workflow/current/pln-033-cache-config-copy/architecture-review.md
AM .workflow/current/pln-033-cache-config-copy/artifacts/README.md
AD .workflow/current/pln-033-cache-config-copy/artifacts/readiness-2026-09-15/SHA256SUMS
AM .workflow/current/pln-033-cache-config-copy/artifacts/readiness-2026-09-15/commands.json
AD .workflow/current/pln-033-cache-config-copy/artifacts/readiness-2026-09-15/composer-version.stderr
AD .workflow/current/pln-033-cache-config-copy/artifacts/readiness-2026-09-15/composer-version.stdout
A  .workflow/current/pln-033-cache-config-copy/artifacts/readiness-2026-09-15/git-head.stderr
A  .workflow/current/pln-033-cache-config-copy/artifacts/readiness-2026-09-15/git-head.stdout
AD .workflow/current/pln-033-cache-config-copy/artifacts/readiness-2026-09-15/git-status.stderr
AD .workflow/current/pln-033-cache-config-copy/artifacts/readiness-2026-09-15/git-status.stdout
AD .workflow/current/pln-033-cache-config-copy/artifacts/readiness-2026-09-15/inputs-sha256.json
AD .workflow/current/pln-033-cache-config-copy/artifacts/readiness-2026-09-15/legacy-lint.stderr
AD .workflow/current/pln-033-cache-config-copy/artifacts/readiness-2026-09-15/legacy-lint.stdout
AD .workflow/current/pln-033-cache-config-copy/artifacts/readiness-2026-09-15/legacy-style.stderr
AD .workflow/current/pln-033-cache-config-copy/artifacts/readiness-2026-09-15/legacy-style.stdout
AD .workflow/current/pln-033-cache-config-copy/artifacts/readiness-2026-09-15/legacy-typing.stderr
AD .workflow/current/pln-033-cache-config-copy/artifacts/readiness-2026-09-15/legacy-typing.stdout
AD .workflow/current/pln-033-cache-config-copy/artifacts/readiness-2026-09-15/migration-inventory.json
AD .workflow/current/pln-033-cache-config-copy/artifacts/readiness-2026-09-15/php-version.stderr
AD .workflow/current/pln-033-cache-config-copy/artifacts/readiness-2026-09-15/php-version.stdout
AD .workflow/current/pln-033-cache-config-copy/artifacts/readiness-2026-09-15/public-docs.stderr
AD .workflow/current/pln-033-cache-config-copy/artifacts/readiness-2026-09-15/public-docs.stdout
AD .workflow/current/pln-033-cache-config-copy/artifacts/readiness-2026-09-15/report.json
A  .workflow/current/pln-033-cache-config-copy/artifacts/readiness-2026-09-15/source-diff.stderr
A  .workflow/current/pln-033-cache-config-copy/artifacts/readiness-2026-09-15/source-diff.stdout
AD .workflow/current/pln-033-cache-config-copy/artifacts/readiness-2026-09-15/source-files.stderr
AD .workflow/current/pln-033-cache-config-copy/artifacts/readiness-2026-09-15/source-files.stdout
A  .workflow/current/pln-033-cache-config-copy/artifacts/readiness-2026-09-15/source-trees.stderr
A  .workflow/current/pln-033-cache-config-copy/artifacts/readiness-2026-09-15/source-trees.stdout
AD .workflow/current/pln-033-cache-config-copy/artifacts/readiness-2026-09-15/test-files.stderr
AD .workflow/current/pln-033-cache-config-copy/artifacts/readiness-2026-09-15/test-files.stdout
AD .workflow/current/pln-033-cache-config-copy/artifacts/readiness-2026-09-15/tests.stderr
AD .workflow/current/pln-033-cache-config-copy/artifacts/readiness-2026-09-15/tests.stdout
AD .workflow/current/pln-033-cache-config-copy/artifacts/readiness-2026-09-15/upstream-comparison.json
AD .workflow/current/pln-033-cache-config-copy/artifacts/readiness-2026-09-15/upstream-verify.stderr
AD .workflow/current/pln-033-cache-config-copy/artifacts/readiness-2026-09-15/upstream-verify.stdout
AD .workflow/current/pln-033-cache-config-copy/artifacts/readiness-2026-09-15/upstream.stderr
AD .workflow/current/pln-033-cache-config-copy/artifacts/readiness-2026-09-15/upstream.stdout
AD .workflow/current/pln-033-cache-config-copy/artifacts/readiness-2026-09-15/whitespace.stderr
AD .workflow/current/pln-033-cache-config-copy/artifacts/readiness-2026-09-15/whitespace.stdout
AD .workflow/current/pln-033-cache-config-copy/artifacts/readiness-2026-09-15/workflow-docs.json
AM .workflow/current/pln-033-cache-config-copy/artifacts/recheck-readiness.py
A  .workflow/current/pln-033-cache-config-copy/contracts.md
A  .workflow/current/pln-033-cache-config-copy/migration.md
A  .workflow/current/pln-033-cache-config-copy/pln-033-readme.md
A  .workflow/current/pln-033-cache-config-copy/questions.md
A  .workflow/issue/iss-003-apisutra-contracts/artifacts/README.md
A  .workflow/issue/iss-003-apisutra-contracts/artifacts/bootstrap.php
A  .workflow/issue/iss-003-apisutra-contracts/artifacts/fixtures/AppProvider.php
A  .workflow/issue/iss-003-apisutra-contracts/artifacts/fixtures/AuditClient.php
A  .workflow/issue/iss-003-apisutra-contracts/artifacts/fixtures/AuditHttpClient.php
A  .workflow/issue/iss-003-apisutra-contracts/artifacts/fixtures/ConstructorOwned.php
A  .workflow/issue/iss-003-apisutra-contracts/artifacts/fixtures/Mapped.php
A  .workflow/issue/iss-003-apisutra-contracts/artifacts/fixtures/OwnedEnvelope.php
A  .workflow/issue/iss-003-apisutra-contracts/artifacts/fixtures/ProbeRequest.php
A  .workflow/issue/iss-003-apisutra-contracts/artifacts/fixtures/ReadMe.php
A  .workflow/issue/iss-003-apisutra-contracts/artifacts/fixtures/ReadMessage.php
A  .workflow/issue/iss-003-apisutra-contracts/artifacts/fixtures/ReadOwned.php
A  .workflow/issue/iss-003-apisutra-contracts/artifacts/fixtures/RenameOnly.php
A  .workflow/issue/iss-003-apisutra-contracts/artifacts/fixtures/Rows.php
A  .workflow/issue/iss-003-apisutra-contracts/artifacts/fixtures/ScopedMappedCast.php
A  .workflow/issue/iss-003-apisutra-contracts/artifacts/fixtures/Store.php
A  .workflow/issue/iss-003-apisutra-contracts/artifacts/fixtures/Wire.php
A  .workflow/issue/iss-003-apisutra-contracts/artifacts/protocol-observations.json
A  .workflow/issue/iss-003-apisutra-contracts/artifacts/protocol-probe.php
A  .workflow/issue/iss-003-apisutra-contracts/artifacts/upstream-observations.json
A  .workflow/issue/iss-003-apisutra-contracts/artifacts/upstream-probe.php
A  .workflow/issue/iss-003-apisutra-contracts/iss-003-readme.md
A  .workflow/issue/iss-003-apisutra-contracts/upstream-requirements.md
