PASS  Tests\Integration\Redis\RedisRateLimitTest
  ✓ it выдаёт ровно один общий слот восьми отдельным workers             0.10s
  ✓ it операции одновременно соблюдают общий и собственные пределы       0.06s
  ✓ it не расходует свободную квоту при deny, дедуплицирует ID и разделяет scope
  ✓ it новое окно после истечения снова общее для workers                0.08s
  ✓ it восстанавливает NOSCRIPT и не выдаёт двойного разрешения
  ✓ it сохраняет точные большие числа без потери JSON precision
  ✓ it не сбрасывает конфликтующее определение и не пишет вторую квоту
  ✓ it некорректное состояние и wrong type не превращаются в новое окно with ('broken')
  ✓ it некорректное состояние и wrong type не превращаются в новое окно with ('list')
  ✓ it некорректное состояние и wrong type не превращаются в новое окно with ('v1|1|60000|NaN|1')
  ✓ it проверяет ошибку до MSET и после MSET настоящими ACL with ('mset', false)
  ✓ it проверяет ошибку до MSET и после MSET настоящими ACL with ('pexpireat', true)
  ✓ it OOM не допускает allow или fallback
  ✓ it потеря ответа после записи не повторяет acquire и не отправляет…  0.06s
  ✓ it поддерживает prefix, отключает retry и восстанавливает read timeout
  ✓ it отклоняет serializer и закрытое соединение не заменяет памятью
  ✓ it применяет сетевой timeout и общий deadline до HTTP                0.34s

  Tests:    17 passed (92 assertions)
  Duration: 0.90s
