CHANEGLOG.md: OK
composer.json: OK
composer.lock: OK
docs/guides/attributes/data-transfer.md: OK
docs/guides/casts.md: OK
docs/guides/client-config/serialization.md: OK
docs/guides/dto.md: OK
docs/guides/errors.md: OK
docs/guides/extensions.md: OK
src/Casts/CastRegistry.php: OK
src/Serialization/Hydrator.php: OK
src/Serialization/NestedObjectTypeResolver.php: OK
tests/Stubs/Hydration/AddressDto.php: OK
tests/Stubs/Hydration/AmbiguousCardinalityDto.php: OK
tests/Stubs/Hydration/AmbiguousObjectDto.php: OK
tests/Stubs/Hydration/ArrayFieldDto.php: OK
tests/Stubs/Hydration/ArrayFieldObjectDto.php: OK
tests/Stubs/Hydration/ArrayWrapper.php: OK
tests/Stubs/Hydration/CheckedListDto.php: OK
tests/Stubs/Hydration/ContractRequest.php: OK
tests/Stubs/Hydration/CustomCollectionsDto.php: OK
tests/Stubs/Hydration/FactoryWrapper.php: OK
tests/Stubs/Hydration/InterfaceObjectDto.php: OK
tests/Stubs/Hydration/InvalidDefaultDto.php: OK
tests/Stubs/Hydration/InvalidObjectOptionsDto.php: OK
tests/Stubs/Hydration/InvalidObjectTypeDto.php: OK
tests/Stubs/Hydration/ListProvider.php: OK
tests/Stubs/Hydration/MappedObjectDto.php: OK
tests/Stubs/Hydration/NestedCastPriorityDto.php: OK
tests/Stubs/Hydration/ObjectDto.php: OK
tests/Stubs/Hydration/PlainValueDto.php: OK
tests/Stubs/Hydration/PropertyObjectDto.php: OK
tests/Stubs/Hydration/ProviderEnvelopeDto.php: OK
tests/Stubs/Hydration/ProviderPolicyDto.php: OK
tests/Stubs/Hydration/ProviderStatesDto.php: OK
tests/Stubs/Hydration/RejectedValueDto.php: OK
tests/Stubs/Hydration/RejectingProvider.php: OK
tests/Stubs/Hydration/StateProvider.php: OK
tests/Stubs/Hydration/UnionObjectDto.php: OK
tests/Stubs/Hydration/UppercaseExtension.php: OK
tests/Support/hydration-standalone.php: OK
tests/Unit/Serialization/DefaultValueProviderContractTest.php: OK
tests/Unit/Serialization/HydrationCastSourcesTest.php: OK
tests/Unit/Serialization/HydratorTest.php: OK
tests/Unit/Serialization/NestedObjectHydrationTest.php: OK
