src/Retry/RetryHandler.php
src/Retry/RequestBodyReplay.php
src/Retry/RetryAfterDelay.php
src/Timing/SystemSleeper.php
src/Timing/SystemClock.php
src/Timing/ExecutionDeadline.php
src/Timing/ExecutionBudget.php
src/Pipeline/Flow/RequestContractValidator.php
src/Pipeline/Flow/PipelineContextFactory.php
src/Pipeline/Flow/RequestContractFieldResolution.php
src/Pipeline/Flow/ExecutionResultBuilder.php
src/Pipeline/Flow/RequestContractFieldResolver.php
src/Pipeline/Flow/PipelineCompositeHandler.php
src/Pipeline/Flow/PipelineValidator.php
src/Pipeline/Flow/RequestPreparationStep.php
src/Pipeline/Flow/RequestContractValidationResult.php
src/Pipeline/Flow/RequestContractFieldValue.php
src/Pipeline/Flow/RequestContractViolation.php
src/Pipeline/Flow/RequestFlowRunner.php
src/Continuation/ContinuationState.php
src/Continuation/ContinuationService.php
src/Continuation/ContinuationContext.php
src/Continuation/ContinuationAwaitOptions.php
src/Continuation/FinalPathStateResolver.php
src/Continuation/ContinuationOutcome.php
src/Pipeline/Result/ResultFactory.php
src/Pipeline/Diagnostics/AuditLogger.php
src/Files/FileTransferGuard.php
src/Pipeline/Auth/AuthBindingResolver.php
src/Pipeline/Transport/DelayApplier.php
src/Files/TemporaryFileStream.php
src/Files/BorrowedStream.php
src/Files/DownloadManager.php
src/Files/StreamCopy.php
src/Pipeline/Auth/LocalAuthLockLease.php
src/Pipeline/Auth/AuthRefreshLock.php
src/Pipeline/Auth/AuthBinding.php
src/Pipeline/Auth/LocalAuthLockProvider.php
src/Pipeline/Auth/AuthHandler.php
src/Pipeline/Auth/AuthTokenCache.php
src/Pipeline/Transport/RetryConfigResolver.php
src/Pipeline/Hooks/HookRunner.php
src/Pipeline/Transport/RateLimitApplier.php
src/Catalog/ProviderCatalogMeta.php
src/Pipeline/Transport/RetrySender.php
src/Pipeline/Transport/RetryDecisionMaker.php
src/Catalog/ProviderCatalogRegistry.php
src/Pipeline/Hydration/ResponseHydrator.php
src/Transport/HttpTransport.php
src/Response/ClientResponse.php
src/Contracts/Interfaces/Pipeline/PipelineExecutorInterface.php
src/Transport/TransportExceptionNormalizer.php
src/Transport/RecordingTransport.php
src/Transport/GuzzleHttpClient.php
src/Transport/ExactTargetCurlFactory.php
src/Transport/MockTransport.php
src/Transport/TransportCapabilities.php
src/Pipeline/Error/ErrorPolicy.php
src/Response/ClientResponseFactory.php
src/Serialization/Rules/HydrationRules.php
src/Response/ClientResponseFactoryInterface.php
src/Pipeline/Attributes/StageProcessor.php
src/Contracts/Interfaces/Response/ClientResponseAdapterInterface.php
src/Laravel/RequestFactory/PayloadKeys.php
src/Laravel/RequestFactory/ResolverInterface.php
src/Laravel/RequestFactory/ResolveContext.php
src/Laravel/RequestFactory/Resolvers/BodyNestedValueResolver.php
src/Pipeline/Pipeline.php
src/Laravel/RequestFactory/Resolvers/FileValueResolver.php
src/Laravel/RequestFactory/Resolvers/HeaderValueResolver.php
src/Laravel/RequestFactory/Resolvers/BodyValueResolver.php
src/Laravel/RequestFactory/Resolvers/PathValueResolver.php
src/Laravel/RequestFactory/Resolvers/QueryValueResolver.php
src/Laravel/RequestFactory/RequestDescriptor.php
src/Laravel/LaravelContainerProvider.php
src/Laravel/ClientResponseAdapter.php
src/Laravel/SdkServiceProvider.php
src/Laravel/RequestFactory.php
src/Serialization/EnumSerializationHelper.php
src/Serialization/PropertyTypeInspector.php
src/Serialization/DtoSerializer.php
src/Serialization/UrlQuery.php
src/Pipeline/Execution/CompositeFlow.php
src/Serialization/Rules/SourceConsumption.php
src/Serialization/Rules/DefaultSpec.php
src/Serialization/Rules/ReceiverOutput.php
src/Serialization/Rules/CompiledDtoRules.php
src/Serialization/Rules/HydrationScope.php
src/Serialization/Rules/NestedValueProcessor.php
src/Serialization/Rules/SourcePathKind.php
src/Serialization/Rules/RulePolicy.php
src/Serialization/Rules/RuleValueProcessor.php
src/Serialization/Rules/ScalarValues.php
src/Serialization/Rules/ShapeResult.php
src/Serialization/Rules/HandlerSpec.php
src/Serialization/Rules/LiteralValues.php
src/Serialization/Rules/SourceLocation.php
src/Serialization/Rules/DtoRules.php
src/Serialization/Rules/ScalarType.php
src/Serialization/Rules/ValueShape.php
src/Serialization/Rules/FieldRule.php
src/Serialization/Rules/ScalarPolicy.php
src/Serialization/Rules/HydratedProperty.php
src/Serialization/Rules/RuleSetCompiler.php
src/Serialization/Rules/InputShape.php
src/Serialization/SerializationValueResolver.php
src/Serialization/Serializer.php
src/Serialization/NestedObjectTypeResolver.php
src/Contracts/Interfaces/Response/ResponseHandlerInterface.php
src/Result/ContinuationTokenExtractorInterface.php
src/Result/ErrorViewCache.php
src/Result/PaginatedResult.php
src/Result/ResolvedResultFactory.php
src/Result/ResolvedResultFactoryInterface.php
src/Result/BatchResult.php
src/Result/ResolvedResultInterface.php
src/Result/ExecutionResult.php
src/Result/ResultHandle.php
src/Result/ResultMetaExtractorInterface.php
src/Result/ErrorContextCache.php
src/Result/ResolvedResult.php
src/Result/ContinuationTokenCache.php
src/Result/PoolResult.php
src/Serialization/DtoSerializationProfileResolver.php
src/Serialization/JsonEncoder.php
src/Serialization/Concerns/ReflectionHelperTrait.php
src/Pagination/PaginationConfigResolver.php
src/Pagination/AbstractPaginatedRequest.php
src/Pagination/PaginationItemsCollectionBuilder.php
src/Pagination/DefaultPaginationMetaResolver.php
src/Pagination/PaginationRule.php
src/Pagination/Paginator.php
src/Serialization/BuiltinHydrationCaster.php
src/Serialization/DtoHydrationProfileResolver.php
src/Serialization/RequestPartsCollector.php
src/Serialization/HydrationValueValidator.php
src/Contracts/Interfaces/Pagination/PaginationMetaResolverInterface.php
src/Contracts/Interfaces/Pagination/PaginationMetaOverrideInterface.php
src/Contracts/Interfaces/Pagination/PaginationItemsContainerInterface.php
src/Contracts/Interfaces/Pagination/PaginableInterface.php
src/Contracts/Interfaces/Pagination/PaginationItemsCollectionFactoryInterface.php
src/Serialization/VO/ResolvedDtoSerialization.php
src/Serialization/VO/ResolvedDtoHydration.php
src/Serialization/VO/PropertyMeta.php
src/Serialization/VO/RequestPartsBag.php
src/Serialization/SafeScalarHydrationCaster.php
src/Serialization/Hydrator.php
src/Serialization/RequestUrlBuilder.php
src/Serialization/FilePayloadPreparer.php
src/Serialization/IntegerRange.php
src/Pipeline/Cache/CacheManager.php
src/DataTransfer/AbstractDto.php
src/Pipeline/Cache/CacheExecutionState.php
src/Pipeline/Cache/CacheIdentityResolver.php
src/DataTransfer/AbstractPaginationContainerDto.php
src/DataTransfer/AbstractResponseDto.php
src/Contracts/Interfaces/Serialization/DtoHydrationProfileInterface.php
src/Pipeline/Cache/CacheGenerations.php
src/Auth/Authorization/QuotedCommaFormatter.php
src/Request/RequestExecution.php
src/Collections/ResultCollection.php
src/Collections/ErrorCollection.php
src/Collections/RequestCollection.php
src/Collections/AbstractCollection.php
src/Collections/AbstractTypedCollection.php
src/Collections/RawCollection.php
src/Contracts/Interfaces/Serialization/RequestPartsEnricherInterface.php
src/Attributes/AttributeContext.php
src/Core/AbstractClient.php
src/Contracts/Interfaces/Serialization/DtoSerializationProfileInterface.php
src/Attributes/Response/Returns.php
src/Core/AbstractRequest.php
src/Core/AbstractResource.php
src/Request/RequestOptionsChainTrait.php
src/Request/RequestResolver.php
src/Request/RequestSpec.php
src/Request/RequestSpecResolver.php
src/Request/RequestPaginationHelper.php
src/Request/PaginationOptions.php
src/Request/RequestOptions.php
src/Resolver/ClientResolver.php
src/Resolver/DiscoveryOptions.php
src/Resolver/ClientRegistry.php
src/Resolver/RequestScanner.php
src/Resolver/ServiceRegistrar.php
src/Serialization/HydrationTypeSelector.php
src/Serialization/NamingStrategyResolver.php
src/Resolver/ClientDiscoveryService.php
src/Resolver/ClientDiscoveryCache.php
src/Resolver/RequestNamespaceDetector.php
src/Resolver/ClassMapProvider.php
src/Auth/Authorization/QueryLikeFormatter.php
src/Auth/ApiKeyAuthenticator.php
src/Auth/CacheCredentialIdentity.php
src/Auth/TokenAuthenticator.php
src/Auth/HmacAuthenticator.php
src/Auth/AuthorizationSchemeAuthenticator.php
src/Auth/BasicAuthenticator.php
src/Auth/BearerAuthenticator.php
src/Pipeline/Preparation/RequestPreparer.php
src/Pipeline/Preparation/TimeoutResolver.php
src/Pipeline/Preparation/PreparedRequestFactory.php
src/Extensions/ExtensionRegistry.php
src/Extensions/ExtensionContext.php
src/Serialization/Enrichment/CredentialsEnricher.php
src/Contracts/Interfaces/Container/ContainerProviderInterface.php
src/OperationInventory/ResourceNameResolver.php
src/OperationInventory/SdkCallPathResolver.php
src/OperationInventory/SdkCallPathMethodAnalyzer.php
src/OperationInventory/OperationInventoryBuilder.php
src/OperationInventory/OperationInventory.php
src/Attributes/Response/Download.php
src/Attributes/Response/ContinuationResult.php
src/Attributes/Response/RawResponse.php
src/Attributes/Behavior/RateLimit.php
src/Attributes/Behavior/Cache.php
src/Attributes/Behavior/Timeout.php
src/Attributes/Behavior/Execution.php
src/Attributes/Behavior/Idempotent.php
src/Attributes/Behavior/Retry.php
src/Attributes/Behavior/Pagination.php
src/Attributes/Behavior/NoAuth.php
src/Attributes/AttributeMetadataCache.php
src/Contracts/Interfaces/Auth/AuthLockProviderInterface.php
src/Traits/DefaultRequestFailurePolicyTrait.php
src/Attributes/Http/Patch.php
src/Attributes/Http/Post.php
src/Attributes/Http/Get.php
src/Attributes/Http/Put.php
src/Attributes/Http/Delete.php
src/Exceptions/Retry/RetrySafetyException.php
src/Contracts/Interfaces/Auth/AuthorizationParamsProviderInterface.php
src/Versioning/VersionedResourceTrait.php
src/Extensions/Archive/Response/ArchiveResponse.php
src/Enums/Pipeline/PipelineStage.php
src/Exceptions/Serialization/ResponseDecodingException.php
src/Exceptions/Serialization/SerializationException.php
src/Exceptions/Serialization/HydrationException.php
src/VO/Pipeline/PipelineContext.php
src/VO/Pipeline/DecodedResponse.php
src/Contracts/Interfaces/Auth/AuthLockLeaseInterface.php
src/Contracts/Interfaces/Auth/AuthorizationParamsFormatterInterface.php
src/Contracts/Interfaces/Auth/AuthPolicyInterface.php
src/Contracts/Interfaces/Auth/AuthenticatorInterface.php
src/Testing/LiveEnvLoader.php
src/Testing/LivePolling.php
src/Testing/RequestContractTestHelper.php
src/Testing/FixtureRedactor.php
src/VO/Validation/Validator.php
src/Testing/LiveResultAssertions.php
src/VO/Validation/ValidationResult.php
src/Testing/MockFileResponse.php
src/Testing/Fixture.php
src/Testing/MockConfig.php
src/Testing/MockClient.php
src/Testing/MockResponse.php
src/Testing/MockSequence.php
src/Extensions/Archive/ArchiveExtension.php
src/Contracts/Interfaces/Validation/ValidatableInterface.php
src/Exceptions/Auth/AuthDependencyException.php
src/VO/Http/ProviderResponse.php
src/VO/Http/TransportOptions.php
src/VO/Http/PreparedRequest.php
src/Casts/DataUriBase64FileCast.php
src/Casts/EnumCast.php
src/Casts/JsonCast.php
src/Casts/DateTimeCast.php
src/Casts/CastRegistry.php
src/Casts/BooleanCast.php
src/Casts/FloatCast.php
src/Casts/IntegerCast.php
src/Traits/RequestHooksBridgeTrait.php
src/Extensions/Archive/Temp/NativeTempDirectoryProvider.php
src/Extensions/Archive/Temp/ArchiveTempDriverResolver.php
src/Extensions/Archive/Temp/ArchiveTempFileManager.php
src/Traits/RequestOptionsAccessorsTrait.php
src/Extensions/Archive/Temp/SpatieTempDirectoryProvider.php
src/Traits/RequestSpecAccessorsTrait.php
src/Extensions/Archive/Temp/TempDirectoryProviderInterface.php
src/Traits/ProvidesMultiServiceResponseDtoCatalogTrait.php
src/Contracts/Interfaces/Validation/CustomValidatableRequestInterface.php
src/Attributes/DataTransfer/Map.php
src/Attributes/DataTransfer/EmptyStringAsNull.php
src/Attributes/DataTransfer/About.php
src/Attributes/DataTransfer/DtoSerialize.php
src/Attributes/DataTransfer/DtoHydrate.php
src/Attributes/DataTransfer/Nested.php
src/Attributes/DataTransfer/Validate.php
src/Attributes/DataTransfer/From.php
src/Attributes/DataTransfer/DtoHydrationProfile.php
src/Attributes/DataTransfer/DateTimeTo.php
src/Attributes/DataTransfer/Label.php
src/VO/Errors/ClientError.php
src/Attributes/DataTransfer/To.php
src/VO/Errors/RequestError.php
src/Attributes/DataTransfer/DateTimeFrom.php
src/VO/Errors/ClientErrorMapperAwareInterface.php
src/Attributes/DataTransfer/Cast.php
src/VO/Errors/SystemErrorContextKeys.php
src/Attributes/DataTransfer/DefaultValue.php
src/VO/Errors/DefaultClientErrorMapper.php
src/Attributes/DataTransfer/DtoSerializationProfile.php
src/VO/Errors/ValidationError.php
src/VO/Errors/ClientErrorFactory.php
src/VO/Errors/SystemErrorContextBuilder.php
src/VO/Errors/ClientErrorMapperInterface.php
src/VO/Errors/ErrorContextFactoryInterface.php
src/Attributes/AttributeRegistry.php
src/VO/Audit/DebugInfo.php
src/VO/Audit/PipelineEvent.php
src/Extensions/Archive/Handlers/ArchiveResponseHandler.php
src/Extensions/Archive/Response/ArchiveEntry.php
src/OperationInventory/Catalog/ShortClassServiceLabelResolver.php
src/OperationInventory/Catalog/ResponseDtoCatalog.php
src/RateLimiting/Resources/acquire.lua
src/OperationInventory/OperationDescriptorView.php
src/OperationInventory/CompositeOperationInventory.php
src/OperationInventory/Catalog/MultiServiceResponseDtoCatalogFactory.php
src/RateLimiting/RateLimitQuota.php
src/OperationInventory/Catalog/ResponseDtoUsage.php
src/OperationInventory/Catalog/MapServiceClassResolver.php
src/RateLimiting/RateLimitBackendInterface.php
src/RateLimiting/RateLimiter.php
src/RateLimiting/RateLimitDecision.php
src/Traits/ValidatesAttributes.php
src/VO/Cache/CacheOverride.php
src/Attributes/Hooks/BeforeHydrate.php
src/OperationInventory/Catalog/Export/ResponseDtoCatalogWriter.php
src/RateLimiting/Backends/PhpRedisRateLimitBackend.php
src/Diagnostics/RedactionPolicy.php
src/Support/ArrayPath.php
src/OperationInventory/Catalog/Export/MarkdownResponseDtoCatalogExporter.php
src/VO/Files/FileInput.php
src/VO/Files/FileTransferOptions.php
src/VO/Files/Base64File.php
src/VO/Files/DownloadTarget.php
src/VO/Files/FileResponse.php
src/Attributes/Hooks/AfterResponse.php
src/VO/Metadata/ResultSummary.php
src/Exceptions/Auth/AuthLockBackendException.php
src/Exceptions/Auth/AuthRefreshLockTimeoutException.php
src/Exceptions/Auth/AuthRefreshFailedException.php
src/Traits/TestingClientTrait.php
src/VO/Metadata/PaginationMeta.php
src/Exceptions/Validation/ValidationException.php
src/Config/DtoSerializationPolicy.php
src/Config/OriginPolicy.php
src/Enums/Result/ResultStatus.php
src/Config/PaginationConfig.php
src/Config/DateTimeHydrationPolicy.php
src/Config/DateTimeSerializationPolicy.php
src/Config/CredentialsScopeConfig.php
src/Config/RetryConfig.php
src/Config/CredentialsEnrichmentConfig.php
src/Config/PoolConfig.php
src/Config/ClientConfig.php
src/Config/BatchConfig.php
src/Config/RateLimitConfig.php
src/Config/CacheConfig.php
src/Config/ArchiveConfig.php
src/Config/DtoHydrationPolicy.php
src/VO/Metadata/BatchMeta.php
src/Attributes/Hooks/BeforeSend.php
src/Attributes/Hooks/AfterHydrate.php
src/Attributes/Request/RequestDiscriminator.php
src/Contracts/Interfaces/Validation/ValidatorInterface.php
src/Contracts/Interfaces/Extensions/ExtensionInterface.php
src/Contracts/Interfaces/Continuation/ContinuationModeApplicatorInterface.php
src/Contracts/Interfaces/Timing/ClockInterface.php
src/Contracts/Interfaces/Timing/SleeperInterface.php
src/Contracts/Interfaces/Core/DependsOnRequestInterface.php
src/Contracts/Interfaces/Catalog/ProviderCatalogMetaInterface.php
src/Contracts/Interfaces/Core/MultiServiceClientInterface.php
src/Contracts/Interfaces/Hooks/AfterResponseHookInterface.php
src/Contracts/Interfaces/Catalog/ProviderCatalogInterface.php
src/Contracts/Interfaces/Hooks/HookInterface.php
src/Contracts/Interfaces/Hooks/BeforeHydrateHookInterface.php
src/Contracts/Interfaces/Hooks/BeforeSendHookInterface.php
src/Contracts/Interfaces/Hooks/AfterHydrateHookInterface.php
src/RateLimiting/Backends/LocalRateLimitBackend.php
src/Contracts/Interfaces/DataTransfer/ResponseDtoInterface.php
src/Contracts/Interfaces/DataTransfer/DtoInterface.php
src/Contracts/Interfaces/DataTransfer/ValidationResult.php
src/Contracts/Interfaces/DataTransfer/ScopedDefaultValueProviderInterface.php
src/Contracts/Interfaces/DataTransfer/DefaultValueProviderInterface.php
src/Contracts/Interfaces/DataTransfer/ResultMeta.php
src/Hooks/HookRegistry.php
src/Support/PathResult.php
src/Execution/BatchExecutor.php
src/Contracts/Interfaces/Inventory/OperationInventoryInterface.php
src/Enums/Serialization/EnumOutput.php
src/Support/NullContainerProvider.php
src/Contracts/Interfaces/Inventory/ResponseDtoCatalogExporterInterface.php
src/Enums/Serialization/DateTimeInvalidBehavior.php
src/Enums/Serialization/BooleanFormat.php
src/Contracts/Interfaces/Attributes/AttributeHandlerInterface.php
src/Contracts/Interfaces/Attributes/AttributeContextHandlerInterface.php
src/Contracts/Interfaces/Attributes/AttributeMetadataCacheProviderInterface.php
src/Contracts/Interfaces/Continuation/ContinuationStateResolverInterface.php
src/Support/TransportResolver.php
src/Support/ContainerProviderRegistry.php
src/Contracts/Interfaces/Core/RequestInterface.php
src/Enums/Auth/AuthOverride.php
src/Enums/Execution/ExecutionMode.php
src/Contracts/Interfaces/Core/DestinationAwareInterface.php
src/Enums/Execution/FailStrategy.php
src/Enums/Execution/RequestRole.php
src/Enums/Execution/SendMode.php
src/Contracts/Interfaces/Inventory/ResourceNameResolverInterface.php
src/Enums/Request/RequestUnmappedTarget.php
src/Contracts/Interfaces/Inventory/ResponseDtoCatalogProviderInterface.php
src/Enums/Request/CredentialsMergeMode.php
src/Execution/PoolExecutor.php
src/Contracts/Interfaces/Cache/CacheIdentityProviderInterface.php
src/Enums/Request/OneOfMode.php
src/Contracts/Interfaces/Cache/CacheAwareInterface.php
src/Contracts/Interfaces/Inventory/ServiceLabelResolverInterface.php
src/Contracts/Interfaces/Inventory/ServiceClassResolverInterface.php
src/Enums/Configuration/Environment.php
src/Enums/Errors/ErrorCode.php
src/Enums/Configuration/NamingStrategy.php
src/Enums/Attributes/AttributeContextType.php
src/Enums/RateLimiting/RateLimitBehavior.php
src/Enums/Pagination/PaginationMode.php
src/Exceptions/Continuation/ContinuationAwaitException.php
src/Enums/Http/TransmissionState.php
src/Enums/Http/FileFormat.php
src/Enums/Http/QueryArrayFormat.php
src/Enums/Http/HttpMethod.php
src/Exceptions/RateLimiting/RateLimitBackendException.php
src/Enums/Continuation/ContinuationStatus.php
src/Http/DestinationGuard.php
src/Http/RequestBodyGuard.php
src/Http/RequestDestination.php
src/Http/Origin.php
src/Attributes/Request/Ignore.php
src/Attributes/Request/Header.php
src/Attributes/Request/Query.php
src/Attributes/Request/File.php
src/Attributes/Request/RequestDefaults.php
src/Attributes/Request/AuthScope.php
src/Attributes/Request/OperationDescriptor.php
src/Attributes/Request/RequestOneOf.php
src/Attributes/Request/Path.php
src/Attributes/Request/SkipCredentialsEnrichment.php
src/Attributes/Request/BodyRoot.php
src/Attributes/Request/Body.php
src/Contracts/Interfaces/Catalog/RequestBoundProviderCatalogInterface.php
src/Execution/CompositeExecutor.php
src/Enums/Discovery/DiscoveryCacheMode.php
src/Execution/ExecutionErrorFactory.php
src/Contracts/Interfaces/Concurrency/RetrySafetyPolicyInterface.php
src/Enums/DataTransfer/ValueState.php
src/Enums/DataTransfer/EmptyStringBehavior.php
src/Contracts/Interfaces/Core/ContextualClientInterface.php
src/Contracts/Interfaces/Core/FileStreamingInterface.php
src/Contracts/Interfaces/Core/TimeoutAwareTransportInterface.php
src/Contracts/Interfaces/Core/CompositeRequestInterface.php
src/Contracts/Interfaces/Core/HttpClientOptionsInterface.php
src/Contracts/Interfaces/Core/TransportInterface.php
src/Contracts/Interfaces/Core/RequestExecutionInterface.php
src/Contracts/Interfaces/Core/ClientInterface.php
src/Contracts/Interfaces/Core/RequestOptionsProviderInterface.php
src/Contracts/Interfaces/Core/ResultInterface.php
src/Contracts/Interfaces/Core/ClientResolverInterface.php
src/Enums/RateLimiting/BackoffStrategy.php
src/Contracts/Interfaces/Casting/CastInterface.php
src/Contracts/Interfaces/Casting/ScopedCastInterface.php
src/Contracts/Interfaces/Catalog/ProviderCatalogRegistryInterface.php
src/Enums/Inventory/ResponseDtoKind.php
src/Contracts/Interfaces/Factory/RequestFactoryInterface.php
src/Enums/Hooks/HookPriority.php
src/Enums/Hooks/Hook.php
src/Enums/DataTransfer/NestedDiscriminatorMode.php
src/Enums/DataTransfer/NestedUnknownVariant.php
src/Enums/Continuation/ContinuationMode.php
src/Contracts/Interfaces/Resolver/RequestNamespaceProviderInterface.php
src/Exceptions/Testing/TestingException.php
src/Enums/Cache/CacheMode.php
src/Exceptions/Testing/MissingFixtureException.php
src/Exceptions/Core/SdkException.php
src/Exceptions/Testing/RecordingException.php
src/Execution/DependsOnExecutor.php
src/Exceptions/Testing/UnmockedRequestException.php
src/Exceptions/Files/FileTransferException.php
src/Exceptions/Configuration/ConfigurationException.php
src/Exceptions/Configuration/ContinuationConfigurationException.php
src/Exceptions/Configuration/UnsupportedVersionException.php
src/Exceptions/Transport/InvalidRequestException.php
src/Exceptions/ControlFlow/RefreshTokenException.php
src/Exceptions/Transport/ExecutionDeadlineException.php
src/Exceptions/Transport/TransportException.php
src/Exceptions/Transport/ConnectionException.php
src/Exceptions/Transport/TimeoutException.php
src/Exceptions/ControlFlow/ControlFlowException.php
src/Exceptions/ControlFlow/EarlyReturnException.php
src/Exceptions/ControlFlow/RetryableException.php
src/Exceptions/Extension/ExtensionException.php
src/Exceptions/Extension/ExtensionDisabledException.php
src/Exceptions/Extension/ExtensionConflictException.php
src/Contracts/Interfaces/Concurrency/RetryHandlerInterface.php
src/Exceptions/Request/RateLimitException.php
src/Exceptions/Request/NotFoundException.php
src/Exceptions/Request/InternalServerException.php
src/Exceptions/Request/ServiceUnavailableException.php
src/Exceptions/Request/ForbiddenException.php
src/Execution/Batch/BatchContext.php
src/Exceptions/Request/ServerException.php
src/Exceptions/Request/BadGatewayException.php
src/Execution/Batch/ParallelBatchStrategy.php
src/Exceptions/Request/RequestException.php
src/Execution/Batch/RequestResolverInterface.php
src/Exceptions/Request/RequestTimeoutException.php
src/Contracts/Interfaces/Concurrency/ConcurrencyResolverInterface.php
src/Exceptions/Request/GatewayTimeoutException.php
src/Exceptions/Request/UnprocessableEntityException.php
src/Exceptions/Request/UnauthorizedException.php
src/Exceptions/Request/ClientException.php
src/Exceptions/Request/PaymentRequiredException.php
src/Execution/Batch/BatchStrategyInterface.php
src/Execution/Batch/SequentialBatchStrategy.php
src/Execution/Batch/Resolvers/RequestInstanceResolver.php
src/Execution/Batch/Resolvers/CallableRequestResolver.php
src/Execution/Batch/Resolvers/ClassStringRequestResolver.php
