git: standalone-auth-smoke.php
git: standalone-body-smoke.php
git: standalone-client-showcase-smoke.php
git: standalone-constructor-values-smoke.php
git: standalone-contracts-smoke.php
git: standalone-documentation-continuation-smoke.php
git: standalone-dto-showcase-smoke.php
git: standalone-execution-contracts-smoke.php
git: standalone-external-url-smoke.php
git: standalone-files-example-smoke.php
git: standalone-hydration-rules-smoke.php
git: standalone-json-smoke.php
git: standalone-rate-limit-smoke.php
git: standalone-readme-smoke.php
git: standalone-retry-smoke.php
git: standalone-smoke.php
git: standalone-streaming-smoke.php
git: standalone-timeout-smoke.php
git: standalone-uri-smoke.php
git: standalone-validation-smoke.php
composer: standalone-auth-smoke.php
composer: standalone-body-smoke.php
composer: standalone-client-showcase-smoke.php
composer: standalone-constructor-values-smoke.php
composer: standalone-contracts-smoke.php
composer: standalone-documentation-continuation-smoke.php
composer: standalone-dto-showcase-smoke.php
composer: standalone-execution-contracts-smoke.php
composer: standalone-external-url-smoke.php
composer: standalone-files-example-smoke.php
composer: standalone-hydration-rules-smoke.php
composer: standalone-json-smoke.php
composer: standalone-rate-limit-smoke.php
composer: standalone-readme-smoke.php
composer: standalone-retry-smoke.php
composer: standalone-smoke.php
composer: standalone-streaming-smoke.php
composer: standalone-timeout-smoke.php
composer: standalone-uri-smoke.php
composer: standalone-validation-smoke.php
